2026-05-29 19:49:19,135 - twister - INFO - Using Ninja..
2026-05-29 19:49:19,557 - twister - INFO - Zephyr version: v4.4.0-rc1-178-gccfd5efa09f9
2026-05-29 19:49:19,568 - twister - DEBUG - Running cmake script /home/cto/zephyrproject/zephyr/cmake/verify-toolchain.cmake
2026-05-29 19:49:19,568 - twister - DEBUG - Calling cmake: /usr/bin/cmake -DFORMAT=json -P /home/cto/zephyrproject/zephyr/cmake/verify-toolchain.cmake
2026-05-29 19:49:19,987 - twister - DEBUG - Finished running /home/cto/zephyrproject/zephyr/cmake/verify-toolchain.cmake
2026-05-29 19:49:19,987 - twister - INFO - Using 'zephyr/gnu' toolchain variant.
2026-05-29 19:49:23,252 - twister - DEBUG - Reading testsuite configuration files under /home/cto/zephyrproject/zephyr-course/tests/ring_buf...
2026-05-29 19:49:23,252 - twister - DEBUG - Found possible testsuite in /home/cto/zephyrproject/zephyr-course/tests/ring_buf
2026-05-29 19:49:23,256 - twister - DEBUG - No duplicates found.
2026-05-29 19:49:23,256 - twister - DEBUG -  platform filter: ['native_sim']
2026-05-29 19:49:23,256 - twister - DEBUG - platform_pattern: []
2026-05-29 19:49:23,256 - twister - DEBUG -    vendor filter: []
2026-05-29 19:49:23,256 - twister - DEBUG -      arch_filter: None
2026-05-29 19:49:23,256 - twister - DEBUG -       tag_filter: None
2026-05-29 19:49:23,256 - twister - DEBUG -      exclude_tag: None
2026-05-29 19:49:23,256 - twister - DEBUG - Checking platform filter: ['native_sim']
2026-05-29 19:49:23,257 - twister - INFO - Building initial testsuite list...
2026-05-29 19:49:23,259 - twister - INFO - Built testsuite list in 0.00 seconds
2026-05-29 19:49:23,259 - twister - INFO - Writing JSON report /home/cto/zephyrproject/zephyr-course/twister-out/testplan.json
2026-05-29 19:49:23,295 - twister - INFO - JOBS: 8
2026-05-29 19:49:23,296 - twister - INFO - Adding tasks to the queue...
2026-05-29 19:49:23,296 - twister - DEBUG - adding native_sim/native/host/gnu/homework.unit.ring_buf
2026-05-29 19:49:23,299 - twister - INFO - Added initial list of jobs to queue
2026-05-29 19:49:23,311 - twister - DEBUG - Running cmake on /home/cto/zephyrproject/zephyr-course/tests/ring_buf for native_sim/native
2026-05-29 19:49:23,313 - twister - DEBUG - Calling cmake: /usr/bin/cmake -B/home/cto/zephyrproject/zephyr-course/twister-out/native_sim_native/host_gnu/zephyr-course/tests/ring_buf/homework.unit.ring_buf -DTC_RUNID=1dce9706399f3e40515b8919a3815f15 -DTC_NAME=homework.unit.ring_buf -DCONFIG_COMPILER_WARNINGS_AS_ERRORS=y -DEXTRA_GEN_EDT_ARGS=--edtlib-Werror -GNinja -DPython3_EXECUTABLE=/home/cto/zephyrproject/.venv/bin/python3 -DZEPHYR_TOOLCHAIN_VARIANT=host/gnu -S/home/cto/zephyrproject/zephyr-course/tests/ring_buf -DOVERLAY_CONFIG=/home/cto/zephyrproject/zephyr-course/twister-out/native_sim_native/host_gnu/zephyr-course/tests/ring_buf/homework.unit.ring_buf/twister/testsuite_extra.conf -DBOARD=native_sim/native
2026-05-29 19:49:23,338 - twister - DEBUG - Launched 8 jobs
2026-05-29 19:49:33,922 - twister - DEBUG - Finished running cmake /home/cto/zephyrproject/zephyr-course/tests/ring_buf for native_sim/native in 10.60 seconds
2026-05-29 19:49:33,925 - twister - DEBUG - build test: native_sim/native/host/gnu/homework.unit.ring_buf
2026-05-29 19:49:33,925 - twister - DEBUG - Building /home/cto/zephyrproject/zephyr-course/tests/ring_buf for native_sim/native
2026-05-29 19:49:33,926 - twister - DEBUG - Running /usr/bin/cmake --build /home/cto/zephyrproject/zephyr-course/twister-out/native_sim_native/host_gnu/zephyr-course/tests/ring_buf/homework.unit.ring_buf
2026-05-29 19:49:38,418 - twister - DEBUG - Finished building /home/cto/zephyrproject/zephyr-course/tests/ring_buf for native_sim/native in 4.49 seconds
2026-05-29 19:49:38,419 - twister - DEBUG - Determine test cases for test instance: native_sim/native/host/gnu/homework.unit.ring_buf
2026-05-29 19:49:38,419 - twister - DEBUG - Determine test cases for test suite: homework.unit.ring_buf
2026-05-29 19:49:38,624 - twister - DEBUG - Test instance native_sim/native/host/gnu/homework.unit.ring_buf already has 8 testcase(s) known: [<TestCase homework.unit.ring_buf.ring_buf_boundaries.peek_does_not_consume with None>, <TestCase homework.unit.ring_buf.ring_buf_push_pop.fifo_order with None>, <TestCase homework.unit.ring_buf.ring_buf_init.reinit_clears_state with None>, <TestCase homework.unit.ring_buf.ring_buf_boundaries.pop_null_returns_einval with None>, <TestCase homework.unit.ring_buf.ring_buf_push_pop.single_push_pop with None>, <TestCase homework.unit.ring_buf.ring_buf_push_pop.push_full_returns_enospc with None>, <TestCase homework.unit.ring_buf.ring_buf_init.fresh_state with None>, <TestCase homework.unit.ring_buf.ring_buf_boundaries.is_full_after_fill with None>]
2026-05-29 19:49:38,624 - twister - DEBUG - Detected 8 Ztest case(s): [homework.unit.ring_buf.ring_buf_init.fresh_state, homework.unit.ring_buf.ring_buf_init.reinit_clears_state, homework.unit.ring_buf.ring_buf_push_pop.single_push_pop, homework.unit.ring_buf.ring_buf_push_pop.fifo_order, homework.unit.ring_buf.ring_buf_push_pop.push_full_returns_enospc, homework.unit.ring_buf.ring_buf_boundaries.peek_does_not_consume, homework.unit.ring_buf.ring_buf_boundaries.pop_null_returns_einval, homework.unit.ring_buf.ring_buf_boundaries.is_full_after_fill] in /home/cto/zephyrproject/zephyr-course/twister-out/native_sim_native/host_gnu/zephyr-course/tests/ring_buf/homework.unit.ring_buf/zephyr/zephyr.elf
2026-05-29 19:49:38,628 - twister - DEBUG - run test: native_sim/native/host/gnu/homework.unit.ring_buf
2026-05-29 19:49:38,631 - twister - DEBUG - Reset instance status from 'passed' to None before run.
2026-05-29 19:49:38,631 - twister - DEBUG - Spawning process: /home/cto/zephyrproject/zephyr-course/twister-out/native_sim_native/host_gnu/zephyr-course/tests/ring_buf/homework.unit.ring_buf/zephyr/zephyr.exe
in directory: /home/cto/zephyrproject/zephyr-course/twister-out/native_sim_native/host_gnu/zephyr-course/tests/ring_buf/homework.unit.ring_buf
2026-05-29 19:49:38,635 - twister - DEBUG - Spawning BinaryHandler Thread for native_sim/native/host/gnu/homework.unit.ring_buf
2026-05-29 19:49:38,648 - twister - DEBUG - OUTPUT: *** Booting Zephyr OS build v4.4.0-rc1-178-gccfd5efa09f9 ***
2026-05-29 19:49:38,649 - twister - DEBUG - OUTPUT: Running TESTSUITE ring_buf_boundaries
2026-05-29 19:49:38,649 - twister - DEBUG - OUTPUT: ===================================================================
2026-05-29 19:49:38,650 - twister - DEBUG - OUTPUT: START - test_is_full_after_fill
2026-05-29 19:49:38,650 - twister - DEBUG - OUTPUT:  PASS - test_is_full_after_fill in 0.000 seconds
2026-05-29 19:49:38,651 - twister - DEBUG - OUTPUT: ===================================================================
2026-05-29 19:49:38,651 - twister - DEBUG - OUTPUT: START - test_peek_does_not_consume
2026-05-29 19:49:38,651 - twister - DEBUG - OUTPUT:  PASS - test_peek_does_not_consume in 0.000 seconds
2026-05-29 19:49:38,652 - twister - DEBUG - OUTPUT: ===================================================================
2026-05-29 19:49:38,652 - twister - DEBUG - OUTPUT: START - test_pop_null_returns_einval
2026-05-29 19:49:38,652 - twister - DEBUG - OUTPUT: [00:00:00.000,000] [1;31m<err> ring_buf: value pointer is NULL[0m
2026-05-29 19:49:38,653 - twister - DEBUG - OUTPUT:  PASS - test_pop_null_returns_einval in 0.000 seconds
2026-05-29 19:49:38,653 - twister - DEBUG - OUTPUT: ===================================================================
2026-05-29 19:49:38,653 - twister - DEBUG - OUTPUT: TESTSUITE ring_buf_boundaries succeeded
2026-05-29 19:49:38,653 - twister - DEBUG - OUTPUT: Running TESTSUITE ring_buf_init
2026-05-29 19:49:38,654 - twister - DEBUG - OUTPUT: ===================================================================
2026-05-29 19:49:38,654 - twister - DEBUG - OUTPUT: START - test_fresh_state
2026-05-29 19:49:38,654 - twister - DEBUG - OUTPUT:  PASS - test_fresh_state in 0.000 seconds
2026-05-29 19:49:38,654 - twister - DEBUG - OUTPUT: ===================================================================
2026-05-29 19:49:38,655 - twister - DEBUG - OUTPUT: START - test_reinit_clears_state
2026-05-29 19:49:38,655 - twister - DEBUG - OUTPUT:  PASS - test_reinit_clears_state in 0.000 seconds
2026-05-29 19:49:38,655 - twister - DEBUG - OUTPUT: ===================================================================
2026-05-29 19:49:38,656 - twister - DEBUG - OUTPUT: TESTSUITE ring_buf_init succeeded
2026-05-29 19:49:38,656 - twister - DEBUG - OUTPUT: Running TESTSUITE ring_buf_push_pop
2026-05-29 19:49:38,656 - twister - DEBUG - OUTPUT: ===================================================================
2026-05-29 19:49:38,656 - twister - DEBUG - OUTPUT: START - test_fifo_order
2026-05-29 19:49:38,657 - twister - DEBUG - OUTPUT:  PASS - test_fifo_order in 0.000 seconds
2026-05-29 19:49:38,657 - twister - DEBUG - OUTPUT: ===================================================================
2026-05-29 19:49:38,657 - twister - DEBUG - OUTPUT: START - test_push_full_returns_enospc
2026-05-29 19:49:38,658 - twister - DEBUG - OUTPUT: [00:00:00.000,000] [1;33m<wrn> ring_buf: buffer full (capacity=4)[0m
2026-05-29 19:49:38,658 - twister - DEBUG - OUTPUT:  PASS - test_push_full_returns_enospc in 0.000 seconds
2026-05-29 19:49:38,658 - twister - DEBUG - OUTPUT: ===================================================================
2026-05-29 19:49:38,659 - twister - DEBUG - OUTPUT: START - test_single_push_pop
2026-05-29 19:49:38,659 - twister - DEBUG - OUTPUT:  PASS - test_single_push_pop in 0.000 seconds
2026-05-29 19:49:38,659 - twister - DEBUG - OUTPUT: ===================================================================
2026-05-29 19:49:38,660 - twister - DEBUG - OUTPUT: TESTSUITE ring_buf_push_pop succeeded
2026-05-29 19:49:38,660 - twister - DEBUG - OUTPUT: 
2026-05-29 19:49:38,660 - twister - DEBUG - OUTPUT: ------ TESTSUITE SUMMARY START ------
2026-05-29 19:49:38,661 - twister - DEBUG - OUTPUT: 
2026-05-29 19:49:38,661 - twister - DEBUG - OUTPUT: SUITE PASS - 100.00% [ring_buf_boundaries]: pass = 3, fail = 0, skip = 0, total = 3 duration = 0.000 seconds
2026-05-29 19:49:38,661 - twister - DEBUG - OUTPUT:  - PASS - [ring_buf_boundaries.test_is_full_after_fill] duration = 0.000 seconds
2026-05-29 19:49:38,661 - twister - DEBUG - OUTPUT:  - PASS - [ring_buf_boundaries.test_peek_does_not_consume] duration = 0.000 seconds
2026-05-29 19:49:38,662 - twister - DEBUG - OUTPUT:  - PASS - [ring_buf_boundaries.test_pop_null_returns_einval] duration = 0.000 seconds
2026-05-29 19:49:38,662 - twister - DEBUG - OUTPUT: 
2026-05-29 19:49:38,662 - twister - DEBUG - OUTPUT: SUITE PASS - 100.00% [ring_buf_init]: pass = 2, fail = 0, skip = 0, total = 2 duration = 0.000 seconds
2026-05-29 19:49:38,663 - twister - DEBUG - OUTPUT:  - PASS - [ring_buf_init.test_fresh_state] duration = 0.000 seconds
2026-05-29 19:49:38,663 - twister - DEBUG - OUTPUT:  - PASS - [ring_buf_init.test_reinit_clears_state] duration = 0.000 seconds
2026-05-29 19:49:38,663 - twister - DEBUG - OUTPUT: 
2026-05-29 19:49:38,663 - twister - DEBUG - OUTPUT: SUITE PASS - 100.00% [ring_buf_push_pop]: pass = 3, fail = 0, skip = 0, total = 3 duration = 0.000 seconds
2026-05-29 19:49:38,664 - twister - DEBUG - OUTPUT:  - PASS - [ring_buf_push_pop.test_fifo_order] duration = 0.000 seconds
2026-05-29 19:49:38,664 - twister - DEBUG - OUTPUT:  - PASS - [ring_buf_push_pop.test_push_full_returns_enospc] duration = 0.000 seconds
2026-05-29 19:49:38,664 - twister - DEBUG - OUTPUT:  - PASS - [ring_buf_push_pop.test_single_push_pop] duration = 0.000 seconds
2026-05-29 19:49:38,664 - twister - DEBUG - OUTPUT: 
2026-05-29 19:49:38,665 - twister - DEBUG - OUTPUT: ------ TESTSUITE SUMMARY END ------
2026-05-29 19:49:38,665 - twister - DEBUG - OUTPUT: 
2026-05-29 19:49:38,665 - twister - DEBUG - OUTPUT: ===================================================================
2026-05-29 19:49:38,665 - twister - DEBUG - OUTPUT: RunID: 1dce9706399f3e40515b8919a3815f15
2026-05-29 19:49:38,666 - twister - DEBUG - OUTPUT: PROJECT EXECUTION SUCCESSFUL
2026-05-29 19:49:38,668 - twister - DEBUG - Expected suite names:['ring_buf_init', 'ring_buf_push_pop', 'ring_buf_boundaries']
2026-05-29 19:49:38,668 - twister - DEBUG - Detected suite names:['ring_buf_boundaries', 'ring_buf_init', 'ring_buf_push_pop']
2026-05-29 19:49:38,668 - twister - DEBUG - run status: native_sim/native/host/gnu/homework.unit.ring_buf passed
2026-05-29 19:49:38,670 - twister - DEBUG - Run coverage for 'native_sim/native/host/gnu/homework.unit.ring_buf'
2026-05-29 19:49:38,787 - twister - DEBUG - Select gcovr as the coverage tool...
2026-05-29 19:49:38,788 - twister - DEBUG - Using gcov tool: gcov
2026-05-29 19:49:38,833 - twister - DEBUG - Working on /home/cto/zephyrproject/zephyr-course/twister-out/native_sim_native/host_gnu/zephyr-course/tests/ring_buf/homework.unit.ring_buf/handler.log
2026-05-29 19:49:38,833 - twister - DEBUG - Generating 0 gcda files
2026-05-29 19:49:38,833 - twister - DEBUG - Gcov data captured: /home/cto/zephyrproject/zephyr-course/twister-out/native_sim_native/host_gnu/zephyr-course/tests/ring_buf/homework.unit.ring_buf/handler.log
2026-05-29 19:49:38,842 - twister - INFO - 1 test scenarios (1 configurations) selected, 0 configurations filtered (0 by static filter, 0 at runtime).
2026-05-29 19:49:38,849 - twister - INFO - [32m1 of 1[39m executed test configurations passed (100.00%), 0 built (not run), 0 failed, 0 errored, with no warnings in 19.72 seconds.
2026-05-29 19:49:38,850 - twister - INFO - 8 of 8 executed test cases passed (100.00%) on 1 out of total 1473 platforms (0.07%).
2026-05-29 19:49:38,850 - twister - INFO - [32m1[39m test configurations executed on platforms, [36m0[39m test configurations were only built.
2026-05-29 19:49:38,973 - twister - DEBUG - Select gcovr as the coverage tool...
2026-05-29 19:49:38,973 - twister - DEBUG - Using gcov tool: gcov
2026-05-29 19:49:38,973 - twister - DEBUG - Running: gcovr -r /home/cto/zephyrproject/zephyr-course/app/modules/ring_buf --gcov-ignore-parse-errors=negative_hits.warn_once_per_file --gcov-executable gcov -e tests/* --gcov-object-directory /home/cto/zephyrproject/zephyr-course/twister-out --gcov-ignore-parse-errors=suspicious_hits.warn_once_per_file -e .*generated.* -e .*/tests/.* -e .*/samples/.* --exclude-branches-by-pattern (^\s*LOG_(?:HEXDUMP_)?(?:DBG|INF|WRN|ERR)\(.*)|(^\s*__ASSERT(?:_EVAL|_NO_MSG|_POST_ACTION)?\(.*) -v --merge-mode-functions=separate --json -o /home/cto/zephyrproject/zephyr-course/twister-out/coverage.json /home/cto/zephyrproject/zephyr-course/twister-out
2026-05-29 19:49:39,911 - twister - DEBUG - Running: gcovr -r /home/cto/zephyrproject/zephyr-course/app/modules/ring_buf -v --merge-mode-functions=separate --gcov-executable gcov -f tests/ztest -e tests/ztest/test/* --json -o /home/cto/zephyrproject/zephyr-course/twister-out/ztest.json /home/cto/zephyrproject/zephyr-course/twister-out --gcov-object-directory /home/cto/zephyrproject/zephyr-course/twister-out
2026-05-29 19:49:40,854 - twister - DEBUG - Coverage collected 2 reports from: /home/cto/zephyrproject/zephyr-course/twister-out
2026-05-29 19:49:40,854 - twister - DEBUG - Running: gcovr -r /home/cto/zephyrproject/zephyr-course/app/modules/ring_buf -v --merge-mode-functions=separate --html /home/cto/zephyrproject/zephyr-course/twister-out/coverage/index.html --html-details --add-tracefile /home/cto/zephyrproject/zephyr-course/twister-out/coverage.json --add-tracefile /home/cto/zephyrproject/zephyr-course/twister-out/ztest.json --json-summary-pretty --json-summary /home/cto/zephyrproject/zephyr-course/twister-out/coverage_summary.json
2026-05-29 19:49:41,297 - twister - INFO - HTML report generated: /home/cto/zephyrproject/zephyr-course/twister-out/coverage/index.html
2026-05-29 19:49:41,297 - twister - DEBUG - All coverage data processed: True
2026-05-29 19:49:41,297 - twister - INFO - Saving reports...
2026-05-29 19:49:41,297 - twister - INFO - Writing JSON report /home/cto/zephyrproject/zephyr-course/twister-out/twister.json
2026-05-29 19:49:41,298 - twister - INFO - Writing xunit report /home/cto/zephyrproject/zephyr-course/twister-out/twister.xml...
2026-05-29 19:49:41,299 - twister - INFO - Writing xunit report /home/cto/zephyrproject/zephyr-course/twister-out/twister_report.xml...
2026-05-29 19:49:41,302 - twister - INFO - Run completed
