2026-05-28 01:19:32,420 - twister - INFO - Using Ninja..
2026-05-28 01:19:32,532 - twister - INFO - Zephyr version: v4.4.0-rc1-178-gccfd5efa09f9
2026-05-28 01:19:32,535 - twister - DEBUG - Running cmake script /home/cto/zephyrproject/zephyr/cmake/verify-toolchain.cmake
2026-05-28 01:19:32,535 - twister - DEBUG - Calling cmake: /usr/bin/cmake -DFORMAT=json -P /home/cto/zephyrproject/zephyr/cmake/verify-toolchain.cmake
2026-05-28 01:19:33,857 - twister - DEBUG - Finished running /home/cto/zephyrproject/zephyr/cmake/verify-toolchain.cmake
2026-05-28 01:19:33,858 - twister - INFO - Using 'zephyr/gnu' toolchain variant.
2026-05-28 01:19:35,682 - twister - DEBUG - Reading testsuite configuration files under /home/cto/zephyrproject/zephyr-course/tests/ring_buf...
2026-05-28 01:19:35,683 - twister - DEBUG - Found possible testsuite in /home/cto/zephyrproject/zephyr-course/tests/ring_buf
2026-05-28 01:19:35,686 - twister - DEBUG - No duplicates found.
2026-05-28 01:19:35,686 - twister - DEBUG -  platform filter: ['native_sim']
2026-05-28 01:19:35,686 - twister - DEBUG - platform_pattern: []
2026-05-28 01:19:35,686 - twister - DEBUG -    vendor filter: []
2026-05-28 01:19:35,686 - twister - DEBUG -      arch_filter: None
2026-05-28 01:19:35,686 - twister - DEBUG -       tag_filter: None
2026-05-28 01:19:35,686 - twister - DEBUG -      exclude_tag: None
2026-05-28 01:19:35,686 - twister - DEBUG - Checking platform filter: ['native_sim']
2026-05-28 01:19:35,687 - twister - INFO - Building initial testsuite list...
2026-05-28 01:19:35,689 - twister - INFO - Built testsuite list in 0.00 seconds
2026-05-28 01:19:35,690 - twister - INFO - Writing JSON report /home/cto/zephyrproject/zephyr-course/twister-out/testplan.json
2026-05-28 01:19:35,716 - twister - INFO - JOBS: 4
2026-05-28 01:19:35,716 - twister - INFO - Adding tasks to the queue...
2026-05-28 01:19:35,716 - twister - DEBUG - adding native_sim/native/host/gnu/homework.unit.ring_buf
2026-05-28 01:19:35,719 - twister - INFO - Added initial list of jobs to queue
2026-05-28 01:19:35,728 - twister - DEBUG - Launched 4 jobs
2026-05-28 01:19:35,730 - twister - DEBUG - Running cmake on /home/cto/zephyrproject/zephyr-course/tests/ring_buf for native_sim/native
2026-05-28 01:19:35,732 - twister - DEBUG - Calling cmake: /usr/bin/cmake -B/home/cto/zephyrproject/zephyr-course/twister-out/native_sim_native/host_gnu/zephyr-course/tests/ring_buf/homework.unit.ring_buf -DTC_RUNID=78723b728e35b1cb0202bac3f080dee2 -DTC_NAME=homework.unit.ring_buf -DCONFIG_COMPILER_WARNINGS_AS_ERRORS=y -DEXTRA_GEN_EDT_ARGS=--edtlib-Werror -GNinja -DPython3_EXECUTABLE=/home/cto/zephyrproject/.venv/bin/python3 -DZEPHYR_TOOLCHAIN_VARIANT=host/gnu -S/home/cto/zephyrproject/zephyr-course/tests/ring_buf -DBOARD=native_sim/native
2026-05-28 01:19:44,309 - twister - DEBUG - Finished running cmake /home/cto/zephyrproject/zephyr-course/tests/ring_buf for native_sim/native in 8.57 seconds
2026-05-28 01:19:44,312 - twister - DEBUG - build test: native_sim/native/host/gnu/homework.unit.ring_buf
2026-05-28 01:19:44,313 - twister - DEBUG - Building /home/cto/zephyrproject/zephyr-course/tests/ring_buf for native_sim/native
2026-05-28 01:19:44,314 - twister - DEBUG - Running /usr/bin/cmake --build /home/cto/zephyrproject/zephyr-course/twister-out/native_sim_native/host_gnu/zephyr-course/tests/ring_buf/homework.unit.ring_buf
2026-05-28 01:19:50,086 - twister - DEBUG - Finished building /home/cto/zephyrproject/zephyr-course/tests/ring_buf for native_sim/native in 5.77 seconds
2026-05-28 01:19:50,087 - twister - DEBUG - Determine test cases for test instance: native_sim/native/host/gnu/homework.unit.ring_buf
2026-05-28 01:19:50,087 - twister - DEBUG - Determine test cases for test suite: homework.unit.ring_buf
2026-05-28 01:19:50,157 - twister - DEBUG - Test instance native_sim/native/host/gnu/homework.unit.ring_buf already has 8 testcase(s) known: [<TestCase homework.unit.ring_buf.ring_buf_init.reinit_clears_state with None>, <TestCase homework.unit.ring_buf.ring_buf_boundaries.is_full_after_fill with None>, <TestCase homework.unit.ring_buf.ring_buf_boundaries.pop_null_returns_einval with None>, <TestCase homework.unit.ring_buf.ring_buf_push_pop.fifo_order with None>, <TestCase homework.unit.ring_buf.ring_buf_push_pop.single_push_pop with None>, <TestCase homework.unit.ring_buf.ring_buf_push_pop.push_full_returns_enospc with None>, <TestCase homework.unit.ring_buf.ring_buf_init.fresh_state with None>, <TestCase homework.unit.ring_buf.ring_buf_boundaries.peek_does_not_consume with None>]
2026-05-28 01:19:50,157 - twister - DEBUG - Detected 8 Ztest case(s): [homework.unit.ring_buf.ring_buf_boundaries.is_full_after_fill, homework.unit.ring_buf.ring_buf_boundaries.pop_null_returns_einval, homework.unit.ring_buf.ring_buf_boundaries.peek_does_not_consume, homework.unit.ring_buf.ring_buf_push_pop.push_full_returns_enospc, homework.unit.ring_buf.ring_buf_push_pop.fifo_order, homework.unit.ring_buf.ring_buf_push_pop.single_push_pop, homework.unit.ring_buf.ring_buf_init.reinit_clears_state, homework.unit.ring_buf.ring_buf_init.fresh_state] in /home/cto/zephyrproject/zephyr-course/twister-out/native_sim_native/host_gnu/zephyr-course/tests/ring_buf/homework.unit.ring_buf/zephyr/zephyr.elf
2026-05-28 01:19:50,164 - twister - DEBUG - run test: native_sim/native/host/gnu/homework.unit.ring_buf
2026-05-28 01:19:50,164 - twister - DEBUG - Reset instance status from 'passed' to None before run.
2026-05-28 01:19:50,164 - twister - DEBUG - Spawning process: /home/cto/zephyrproject/zephyr-course/twister-out/native_sim_native/host_gnu/zephyr-course/tests/ring_buf/homework.unit.ring_buf/zephyr/zephyr.exe
in directory: /home/cto/zephyrproject/zephyr-course/twister-out/native_sim_native/host_gnu/zephyr-course/tests/ring_buf/homework.unit.ring_buf
2026-05-28 01:19:50,165 - twister - DEBUG - Spawning BinaryHandler Thread for native_sim/native/host/gnu/homework.unit.ring_buf
2026-05-28 01:19:50,166 - twister - DEBUG - OUTPUT: *** Booting Zephyr OS build v4.4.0-rc1-178-gccfd5efa09f9 ***
2026-05-28 01:19:50,167 - twister - DEBUG - OUTPUT: Running TESTSUITE ring_buf_boundaries
2026-05-28 01:19:50,168 - twister - DEBUG - OUTPUT: ===================================================================
2026-05-28 01:19:50,168 - twister - DEBUG - OUTPUT: START - test_is_full_after_fill
2026-05-28 01:19:50,168 - twister - DEBUG - OUTPUT:  SKIP - test_is_full_after_fill in 0.000 seconds
2026-05-28 01:19:50,169 - twister - DEBUG - OUTPUT: ===================================================================
2026-05-28 01:19:50,169 - twister - DEBUG - OUTPUT: START - test_peek_does_not_consume
2026-05-28 01:19:50,170 - twister - DEBUG - OUTPUT:  SKIP - test_peek_does_not_consume in 0.000 seconds
2026-05-28 01:19:50,170 - twister - DEBUG - OUTPUT: ===================================================================
2026-05-28 01:19:50,170 - twister - DEBUG - OUTPUT: START - test_pop_null_returns_einval
2026-05-28 01:19:50,171 - twister - DEBUG - OUTPUT:  SKIP - test_pop_null_returns_einval in 0.000 seconds
2026-05-28 01:19:50,171 - twister - DEBUG - OUTPUT: ===================================================================
2026-05-28 01:19:50,171 - twister - DEBUG - OUTPUT: TESTSUITE ring_buf_boundaries succeeded
2026-05-28 01:19:50,172 - twister - DEBUG - OUTPUT: Running TESTSUITE ring_buf_init
2026-05-28 01:19:50,172 - twister - DEBUG - OUTPUT: ===================================================================
2026-05-28 01:19:50,172 - twister - DEBUG - OUTPUT: START - test_fresh_state
2026-05-28 01:19:50,173 - twister - DEBUG - OUTPUT:  PASS - test_fresh_state in 0.000 seconds
2026-05-28 01:19:50,173 - twister - DEBUG - OUTPUT: ===================================================================
2026-05-28 01:19:50,173 - twister - DEBUG - OUTPUT: START - test_reinit_clears_state
2026-05-28 01:19:50,174 - twister - DEBUG - OUTPUT:  PASS - test_reinit_clears_state in 0.000 seconds
2026-05-28 01:19:50,174 - twister - DEBUG - OUTPUT: ===================================================================
2026-05-28 01:19:50,174 - twister - DEBUG - OUTPUT: TESTSUITE ring_buf_init succeeded
2026-05-28 01:19:50,175 - twister - DEBUG - OUTPUT: Running TESTSUITE ring_buf_push_pop
2026-05-28 01:19:50,175 - twister - DEBUG - OUTPUT: ===================================================================
2026-05-28 01:19:50,176 - twister - DEBUG - OUTPUT: START - test_fifo_order
2026-05-28 01:19:50,176 - twister - DEBUG - OUTPUT:  SKIP - test_fifo_order in 0.000 seconds
2026-05-28 01:19:50,176 - twister - DEBUG - OUTPUT: ===================================================================
2026-05-28 01:19:50,177 - twister - DEBUG - OUTPUT: START - test_push_full_returns_enospc
2026-05-28 01:19:50,177 - twister - DEBUG - OUTPUT:  SKIP - test_push_full_returns_enospc in 0.000 seconds
2026-05-28 01:19:50,177 - twister - DEBUG - OUTPUT: ===================================================================
2026-05-28 01:19:50,178 - twister - DEBUG - OUTPUT: START - test_single_push_pop
2026-05-28 01:19:50,178 - twister - DEBUG - OUTPUT:  SKIP - test_single_push_pop in 0.000 seconds
2026-05-28 01:19:50,179 - twister - DEBUG - OUTPUT: ===================================================================
2026-05-28 01:19:50,179 - twister - DEBUG - OUTPUT: TESTSUITE ring_buf_push_pop succeeded
2026-05-28 01:19:50,179 - twister - DEBUG - OUTPUT: 
2026-05-28 01:19:50,180 - twister - DEBUG - OUTPUT: ------ TESTSUITE SUMMARY START ------
2026-05-28 01:19:50,180 - twister - DEBUG - OUTPUT: 
2026-05-28 01:19:50,180 - twister - DEBUG - OUTPUT: SUITE SKIP -   0.00% [ring_buf_boundaries]: pass = 0, fail = 0, skip = 3, total = 3 duration = 0.000 seconds
2026-05-28 01:19:50,181 - twister - DEBUG - OUTPUT:  - SKIP - [ring_buf_boundaries.test_is_full_after_fill] duration = 0.000 seconds
2026-05-28 01:19:50,181 - twister - DEBUG - OUTPUT:  - SKIP - [ring_buf_boundaries.test_peek_does_not_consume] duration = 0.000 seconds
2026-05-28 01:19:50,181 - twister - DEBUG - OUTPUT:  - SKIP - [ring_buf_boundaries.test_pop_null_returns_einval] duration = 0.000 seconds
2026-05-28 01:19:50,182 - twister - DEBUG - OUTPUT: 
2026-05-28 01:19:50,182 - twister - DEBUG - OUTPUT: SUITE PASS - 100.00% [ring_buf_init]: pass = 2, fail = 0, skip = 0, total = 2 duration = 0.000 seconds
2026-05-28 01:19:50,182 - twister - DEBUG - OUTPUT:  - PASS - [ring_buf_init.test_fresh_state] duration = 0.000 seconds
2026-05-28 01:19:50,183 - twister - DEBUG - OUTPUT:  - PASS - [ring_buf_init.test_reinit_clears_state] duration = 0.000 seconds
2026-05-28 01:19:50,183 - twister - DEBUG - OUTPUT: 
2026-05-28 01:19:50,183 - twister - DEBUG - OUTPUT: SUITE SKIP -   0.00% [ring_buf_push_pop]: pass = 0, fail = 0, skip = 3, total = 3 duration = 0.000 seconds
2026-05-28 01:19:50,184 - twister - DEBUG - OUTPUT:  - SKIP - [ring_buf_push_pop.test_fifo_order] duration = 0.000 seconds
2026-05-28 01:19:50,184 - twister - DEBUG - OUTPUT:  - SKIP - [ring_buf_push_pop.test_push_full_returns_enospc] duration = 0.000 seconds
2026-05-28 01:19:50,185 - twister - DEBUG - OUTPUT:  - SKIP - [ring_buf_push_pop.test_single_push_pop] duration = 0.000 seconds
2026-05-28 01:19:50,185 - twister - DEBUG - OUTPUT: 
2026-05-28 01:19:50,185 - twister - DEBUG - OUTPUT: ------ TESTSUITE SUMMARY END ------
2026-05-28 01:19:50,186 - twister - DEBUG - OUTPUT: 
2026-05-28 01:19:50,186 - twister - DEBUG - OUTPUT: ===================================================================
2026-05-28 01:19:50,187 - twister - DEBUG - OUTPUT: RunID: 78723b728e35b1cb0202bac3f080dee2
2026-05-28 01:19:50,187 - twister - DEBUG - OUTPUT: PROJECT EXECUTION SUCCESSFUL
2026-05-28 01:19:50,190 - twister - DEBUG - Expected suite names:['ring_buf_init', 'ring_buf_push_pop', 'ring_buf_boundaries']
2026-05-28 01:19:50,190 - twister - DEBUG - Detected suite names:['ring_buf_boundaries', 'ring_buf_init', 'ring_buf_push_pop']
2026-05-28 01:19:50,190 - twister - DEBUG - run status: native_sim/native/host/gnu/homework.unit.ring_buf passed
2026-05-28 01:19:50,200 - twister - INFO - 1 test scenarios (1 configurations) selected, 0 configurations filtered (0 by static filter, 0 at runtime).
2026-05-28 01:19:50,213 - twister - INFO - [32m1 of 1[39m executed test configurations passed (100.00%), 0 built (not run), 0 failed, 0 errored, with no warnings in 17.79 seconds.
2026-05-28 01:19:50,213 - twister - INFO - 2 of 2 executed test cases passed (100.00%) on 1 out of total 1473 platforms (0.07%).
2026-05-28 01:19:50,214 - twister - INFO - 6 selected test cases not executed: 6 skipped.
2026-05-28 01:19:50,214 - twister - INFO - [32m1[39m test configurations executed on platforms, [36m0[39m test configurations were only built.
2026-05-28 01:19:50,214 - twister - INFO - Saving reports...
2026-05-28 01:19:50,214 - twister - INFO - Writing JSON report /home/cto/zephyrproject/zephyr-course/twister-out/twister.json
2026-05-28 01:19:50,215 - twister - INFO - Writing xunit report /home/cto/zephyrproject/zephyr-course/twister-out/twister.xml...
2026-05-28 01:19:50,217 - twister - INFO - Writing xunit report /home/cto/zephyrproject/zephyr-course/twister-out/twister_report.xml...
2026-05-28 01:19:50,222 - twister - INFO - Run completed
